// Jest Snapshot v1, https://goo.gl/fbAQLP

exports[`<Exemplo /> should render the heading 1`] = `
<main
  class=""
>
  <h1>
    Exemplo
  </h1>
</main>
`;
